// Jest Snapshot v1, https://goo.gl/fbAQLP

exports[`Render Dashboard will match the snapshot 1`] = `
Object {
  "asFragment": [Function],
  "baseElement": <body>
    <div>
      <div
        class="dashboard-container"
        data-testid="test-dashboard-component"
      >
        <nav
          class="nav"
        >
          <h1>
            Employee Polls 
            <span>
              by Gabriel Thompson
            </span>
          </h1>
          <ul>
            <div>
              <li>
                <a
                  href="/"
                >
                  Home
                </a>
              </li>
              <li>
                <a
                  href="/leaderboard"
                >
                  Leaderboard
                </a>
              </li>
              <li>
                <a
                  href="/new-poll"
                >
                  New Poll
                </a>
              </li>
            </div>
            <div>
              <li
                class="user-avatar"
                style="background-image: url(undefined);"
              />
              <li>
                <a
                  data-testid="TEST"
                  href="/"
                >
                  Logout, 
                </a>
              </li>
            </div>
          </ul>
        </nav>
        <h2>
          Dashboard
        </h2>
        <div
          class="dashboard"
        >
          <div
            class="questions"
          >
            <div
              class="question-header"
            >
              Current Polls
            </div>
            <div
              class="legend"
            >
              <div
                class="legend-info"
              >
                <div
                  class="legend-unanswered"
                />
                <div
                  class="legend-item-name"
                >
                  = NOT VOTED
                </div>
              </div>
              <div
                class="legend-info"
              >
                <div
                  class="legend-answered"
                />
                <div
                  class="legend-item-name"
                >
                  = VOTED
                </div>
              </div>
            </div>
            <div
              class="question-grid"
            />
          </div>
          <div
            class="questions"
          >
            <div
              class="question-header"
            >
              Archived Polls
            </div>
            <p>
              Polls older than 120 days.
            </p>
            <div
              class="question-grid"
            />
          </div>
        </div>
      </div>
    </div>
  </body>,
  "container": <div>
    <div
      class="dashboard-container"
      data-testid="test-dashboard-component"
    >
      <nav
        class="nav"
      >
        <h1>
          Employee Polls 
          <span>
            by Gabriel Thompson
          </span>
        </h1>
        <ul>
          <div>
            <li>
              <a
                href="/"
              >
                Home
              </a>
            </li>
            <li>
              <a
                href="/leaderboard"
              >
                Leaderboard
              </a>
            </li>
            <li>
              <a
                href="/new-poll"
              >
                New Poll
              </a>
            </li>
          </div>
          <div>
            <li
              class="user-avatar"
              style="background-image: url(undefined);"
            />
            <li>
              <a
                data-testid="TEST"
                href="/"
              >
                Logout, 
              </a>
            </li>
          </div>
        </ul>
      </nav>
      <h2>
        Dashboard
      </h2>
      <div
        class="dashboard"
      >
        <div
          class="questions"
        >
          <div
            class="question-header"
          >
            Current Polls
          </div>
          <div
            class="legend"
          >
            <div
              class="legend-info"
            >
              <div
                class="legend-unanswered"
              />
              <div
                class="legend-item-name"
              >
                = NOT VOTED
              </div>
            </div>
            <div
              class="legend-info"
            >
              <div
                class="legend-answered"
              />
              <div
                class="legend-item-name"
              >
                = VOTED
              </div>
            </div>
          </div>
          <div
            class="question-grid"
          />
        </div>
        <div
          class="questions"
        >
          <div
            class="question-header"
          >
            Archived Polls
          </div>
          <p>
            Polls older than 120 days.
          </p>
          <div
            class="question-grid"
          />
        </div>
      </div>
    </div>
  </div>,
  "debug": [Function],
  "findAllByAltText": [Function],
  "findAllByDisplayValue": [Function],
  "findAllByLabelText": [Function],
  "findAllByPlaceholderText": [Function],
  "findAllByRole": [Function],
  "findAllByTestId": [Function],
  "findAllByText": [Function],
  "findAllByTitle": [Function],
  "findByAltText": [Function],
  "findByDisplayValue": [Function],
  "findByLabelText": [Function],
  "findByPlaceholderText": [Function],
  "findByRole": [Function],
  "findByTestId": [Function],
  "findByText": [Function],
  "findByTitle": [Function],
  "getAllByAltText": [Function],
  "getAllByDisplayValue": [Function],
  "getAllByLabelText": [Function],
  "getAllByPlaceholderText": [Function],
  "getAllByRole": [Function],
  "getAllByTestId": [Function],
  "getAllByText": [Function],
  "getAllByTitle": [Function],
  "getByAltText": [Function],
  "getByDisplayValue": [Function],
  "getByLabelText": [Function],
  "getByPlaceholderText": [Function],
  "getByRole": [Function],
  "getByTestId": [Function],
  "getByText": [Function],
  "getByTitle": [Function],
  "queryAllByAltText": [Function],
  "queryAllByDisplayValue": [Function],
  "queryAllByLabelText": [Function],
  "queryAllByPlaceholderText": [Function],
  "queryAllByRole": [Function],
  "queryAllByTestId": [Function],
  "queryAllByText": [Function],
  "queryAllByTitle": [Function],
  "queryByAltText": [Function],
  "queryByDisplayValue": [Function],
  "queryByLabelText": [Function],
  "queryByPlaceholderText": [Function],
  "queryByRole": [Function],
  "queryByTestId": [Function],
  "queryByText": [Function],
  "queryByTitle": [Function],
  "rerender": [Function],
  "unmount": [Function],
}
`;
