// Jest Snapshot v1, https://goo.gl/fbAQLP

exports[`Render PollCreation will render PollCreation component 1`] = `
Object {
  "asFragment": [Function],
  "baseElement": <body>
    <div>
      <div
        class="poll-creation-container"
      >
        <nav
          class="nav"
        >
          <h1>
            Employee Polls 
            <span>
              by Gabriel Thompson
            </span>
          </h1>
          <ul>
            <div>
              <li>
                <a
                  href="/"
                >
                  Home
                </a>
              </li>
              <li>
                <a
                  href="/leaderboard"
                >
                  Leaderboard
                </a>
              </li>
              <li>
                <a
                  href="/new-poll"
                >
                  New Poll
                </a>
              </li>
            </div>
            <div>
              <li
                class="user-avatar"
                style="background-image: url(undefined);"
              />
              <li>
                <a
                  data-testid="TEST"
                  href="/"
                >
                  Logout, 
                </a>
              </li>
            </div>
          </ul>
        </nav>
        <div
          class="poll-creation-info"
        >
          <h4>
            Create Your Own Poll
          </h4>
          <h3>
            Would you rather...
          </h3>
          <div
            class="option-create-container"
          >
            <form>
              <label>
                Option #1
              </label>
              <textarea
                data-testid="test-textArea1"
                maxlength="250"
                placeholder="Enter option #1"
              />
              <p>
                0
                /250
              </p>
              <label>
                Option #2
              </label>
              <textarea
                data-testid="test-textArea2"
                maxlength="250"
                placeholder="Enter option #2"
              />
              <p>
                0
                /250
              </p>
              <input
                data-testid="test-submit-poll-btn"
                disabled=""
                type="submit"
                value="Creat Poll"
              />
            </form>
          </div>
        </div>
      </div>
    </div>
  </body>,
  "container": <div>
    <div
      class="poll-creation-container"
    >
      <nav
        class="nav"
      >
        <h1>
          Employee Polls 
          <span>
            by Gabriel Thompson
          </span>
        </h1>
        <ul>
          <div>
            <li>
              <a
                href="/"
              >
                Home
              </a>
            </li>
            <li>
              <a
                href="/leaderboard"
              >
                Leaderboard
              </a>
            </li>
            <li>
              <a
                href="/new-poll"
              >
                New Poll
              </a>
            </li>
          </div>
          <div>
            <li
              class="user-avatar"
              style="background-image: url(undefined);"
            />
            <li>
              <a
                data-testid="TEST"
                href="/"
              >
                Logout, 
              </a>
            </li>
          </div>
        </ul>
      </nav>
      <div
        class="poll-creation-info"
      >
        <h4>
          Create Your Own Poll
        </h4>
        <h3>
          Would you rather...
        </h3>
        <div
          class="option-create-container"
        >
          <form>
            <label>
              Option #1
            </label>
            <textarea
              data-testid="test-textArea1"
              maxlength="250"
              placeholder="Enter option #1"
            />
            <p>
              0
              /250
            </p>
            <label>
              Option #2
            </label>
            <textarea
              data-testid="test-textArea2"
              maxlength="250"
              placeholder="Enter option #2"
            />
            <p>
              0
              /250
            </p>
            <input
              data-testid="test-submit-poll-btn"
              disabled=""
              type="submit"
              value="Creat Poll"
            />
          </form>
        </div>
      </div>
    </div>
  </div>,
  "debug": [Function],
  "findAllByAltText": [Function],
  "findAllByDisplayValue": [Function],
  "findAllByLabelText": [Function],
  "findAllByPlaceholderText": [Function],
  "findAllByRole": [Function],
  "findAllByTestId": [Function],
  "findAllByText": [Function],
  "findAllByTitle": [Function],
  "findByAltText": [Function],
  "findByDisplayValue": [Function],
  "findByLabelText": [Function],
  "findByPlaceholderText": [Function],
  "findByRole": [Function],
  "findByTestId": [Function],
  "findByText": [Function],
  "findByTitle": [Function],
  "getAllByAltText": [Function],
  "getAllByDisplayValue": [Function],
  "getAllByLabelText": [Function],
  "getAllByPlaceholderText": [Function],
  "getAllByRole": [Function],
  "getAllByTestId": [Function],
  "getAllByText": [Function],
  "getAllByTitle": [Function],
  "getByAltText": [Function],
  "getByDisplayValue": [Function],
  "getByLabelText": [Function],
  "getByPlaceholderText": [Function],
  "getByRole": [Function],
  "getByTestId": [Function],
  "getByText": [Function],
  "getByTitle": [Function],
  "queryAllByAltText": [Function],
  "queryAllByDisplayValue": [Function],
  "queryAllByLabelText": [Function],
  "queryAllByPlaceholderText": [Function],
  "queryAllByRole": [Function],
  "queryAllByTestId": [Function],
  "queryAllByText": [Function],
  "queryAllByTitle": [Function],
  "queryByAltText": [Function],
  "queryByDisplayValue": [Function],
  "queryByLabelText": [Function],
  "queryByPlaceholderText": [Function],
  "queryByRole": [Function],
  "queryByTestId": [Function],
  "queryByText": [Function],
  "queryByTitle": [Function],
  "rerender": [Function],
  "unmount": [Function],
}
`;
